
> physix-app@0.1.0 test:unit
> node --experimental-strip-types --test tests/unit/*.test.mjs

(node:5040) [MODULE_TYPELESS_PACKAGE_JSON] Warning: Module type of file:///M:/physix-app/src/shared/gymaf/validation.ts is not specified and it doesn't parse as CommonJS.
Reparsing as ES module because module syntax was detected. This incurs a performance overhead.
To eliminate this warning, add "type": "module" to \\?\M:\physix-app\package.json.
(Use `node --trace-warnings ...` to show where the warning was created)
Γ£ö account optional fields validate dates, ranges, names and contact phone without auth claims (10.508ms)
Γ£ö interests accept Unicode and reject duplicate tags, invalid values and excess entries (25.5344ms)
Γ£ö removing and re-adding the same profile interests restores a clean draft (3.3646ms)
(node:53744) [MODULE_TYPELESS_PACKAGE_JSON] Warning: Module type of file:///M:/physix-app/src/shared/gymaf/validation.ts is not specified and it doesn't parse as CommonJS.
Reparsing as ES module because module syntax was detected. This incurs a performance overhead.
To eliminate this warning, add "type": "module" to \\?\M:\physix-app\package.json.
(Use `node --trace-warnings ...` to show where the warning was created)
Γ£ö directory commands accept approved finite metadata and reject injected owner or publishing fields (3.1196ms)
Γ£ö directory filters combine alternatives within a category and requirements across categories (12.6339ms)
Γ£ö directory filters and unsaved profile are scoped by account and clear with authentication (0.3438ms)
(node:54212) [MODULE_TYPELESS_PACKAGE_JSON] Warning: Module type of file:///M:/physix-app/src/shared/gymaf/validation.ts is not specified and it doesn't parse as CommonJS.
Reparsing as ES module because module syntax was detected. This incurs a performance overhead.
To eliminate this warning, add "type": "module" to \\?\M:\physix-app\package.json.
(Use `node --trace-warnings ...` to show where the warning was created)
Γ£ö private coach rating requires an owned relationship, revision and integer1ΓÇô5 without owner overrides (3.159ms)
Γ£ö rating drafts isolate relationships and accounts and keep retry baseline until auth clearing (0.3051ms)
(node:5672) [MODULE_TYPELESS_PACKAGE_JSON] Warning: Module type of file:///M:/physix-app/src/features/gymaf/feedback-drafts.ts is not specified and it doesn't parse as CommonJS.
Reparsing as ES module because module syntax was detected. This incurs a performance overhead.
To eliminate this warning, add "type": "module" to \\?\M:\physix-app\package.json.
(Use `node --trace-warnings ...` to show where the warning was created)
Γ£ö history recovery keeps the original revision, separates account keys and clears on auth change (2.4331ms)
(node:21056) [MODULE_TYPELESS_PACKAGE_JSON] Warning: Module type of file:///M:/physix-app/src/shared/gymaf/validation.ts is not specified and it doesn't parse as CommonJS.
Reparsing as ES module because module syntax was detected. This incurs a performance overhead.
To eliminate this warning, add "type": "module" to \\?\M:\physix-app\package.json.
(Use `node --trace-warnings ...` to show where the warning was created)
Γ£ö guest creation cannot inject credits, recipient or expiry (4.7066ms)
Γ£ö guest acceptance cannot set membership length or bypass one-use secret (0.6282ms)
Γ£ö replacing a guest link accepts only owned-pass identity and a new secret (0.2867ms)
(node:31056) [MODULE_TYPELESS_PACKAGE_JSON] Warning: Module type of file:///M:/physix-app/src/server/gymaf/media-image.ts is not specified and it doesn't parse as CommonJS.
Reparsing as ES module because module syntax was detected. This incurs a performance overhead.
To eliminate this warning, add "type": "module" to \\?\M:\physix-app\package.json.
(Use `node --trace-warnings ...` to show where the warning was created)
Γ£ö photo normalization orients, bounds and strips private EXIF metadata (350.5312ms)
Γ£ö transparent PNG and WebP become still JPEG with white background (72.6164ms)
Γ£ö photo decoder rejects oversized, empty, active content, corrupt and animated files (21.186ms)
Γ£ö idempotency keys are stable per asset and action, and isolated across assets (0.8286ms)
Γ£ö private photo drafts recover per account and clear on discard or session change (1.7943ms)
(node:46680) [MODULE_TYPELESS_PACKAGE_JSON] Warning: Module type of file:///M:/physix-app/src/shared/gymaf/validation.ts is not specified and it doesn't parse as CommonJS.
Reparsing as ES module because module syntax was detected. This incurs a performance overhead.
To eliminate this warning, add "type": "module" to \\?\M:\physix-app\package.json.
(Use `node --trace-warnings ...` to show where the warning was created)
Γ£ö member records retain real dates, structured units and empty equipment (4.7867ms)
Γ£ö member records reject owner overrides, malformed dates, low weights and duplicate equipment (1.0089ms)
Γ£ö preferences are complete, strictly typed and cannot store arbitrary authority flags (0.6397ms)
Γ£ö events retain notes and reject missing dates, null enums and oversized details (0.4206ms)
(node:31204) [MODULE_TYPELESS_PACKAGE_JSON] Warning: Module type of file:///M:/physix-app/src/shared/physix/booking-preview.ts is not specified and it doesn't parse as CommonJS.
Reparsing as ES module because module syntax was detected. This incurs a performance overhead.
To eliminate this warning, add "type": "module" to \\?\M:\physix-app\package.json.
(Use `node --trace-warnings ...` to show where the warning was created)
Γ£ö booking preview is explicitly not a reservation and carries no entered personal data (1.2332ms)
Γ£ö preview rejects unknown services and unavailable modalities (0.5141ms)
Γ£ö preview rejects absent, invented and unavailable times (0.2895ms)
Γ£ö acknowledgement and command identity are required (0.219ms)
Γ£ö unchanged preview retries return the original result and changed payloads conflict (0.2444ms)
Γ£ö example slots have distinct identities, full instants, and a 45-minute sample duration (0.3934ms)
Γ£ö date and time formatting uses explicit UTC, not the browser timezone (25.6879ms)
(node:19740) [MODULE_TYPELESS_PACKAGE_JSON] Warning: Module type of file:///M:/physix-app/src/shared/physix/care.ts is not specified and it doesn't parse as CommonJS.
Reparsing as ES module because module syntax was detected. This incurs a performance overhead.
To eliminate this warning, add "type": "module" to \\?\M:\physix-app\package.json.
(Use `node --trace-warnings ...` to show where the warning was created)
Γ£ö No assigned schedule does not become zero-percent failure (3.0194ms)
Γ£ö Repeat attempts count as activity but not extra adherence (0.4729ms)
Γ£ö Future sessions and cancelled prescriptions are excluded from due denominator (0.2612ms)
Γ£ö Unfinished and abandoned attempts are not counted as completed (0.2202ms)
Γ£ö Pausing care does not show a failure percentage (0.2252ms)
Γ£ö Activity is explicitly restricted to the displayed seven-day range (0.1804ms)
(node:19160) [MODULE_TYPELESS_PACKAGE_JSON] Warning: Module type of file:///M:/physix-app/src/shared/physix/demo.ts is not specified and it doesn't parse as CommonJS.
Reparsing as ES module because module syntax was detected. This incurs a performance overhead.
To eliminate this warning, add "type": "module" to \\?\M:\physix-app\package.json.
(Use `node --trace-warnings ...` to show where the warning was created)
Γ£ö demo requires development AND explicit opt-in (1.4349ms)
Γ£ö Fidelity-style elapsed clock excludes paused time and tolerates clock reversal (0.384ms)
Γ£ö unchanged set retry is idempotent and completed history stays immutable (0.498ms)
Γ£ö empty and zero-only attempts cannot pretend to be performed sessions (0.4273ms)
Γ£ö actuals reject invalid dosage, unknown exercise and paused writes (0.4385ms)
Γ£ö service matching preserves Unicode and requires every search term (0.7287ms)
Γ£ö legacy provider boundary fails closed without explicit isolated environment (1.2902ms)
(node:13120) [MODULE_TYPELESS_PACKAGE_JSON] Warning: Module type of file:///M:/physix-app/src/shared/physix/navigation.ts is not specified and it doesn't parse as CommonJS.
Reparsing as ES module because module syntax was detected. This incurs a performance overhead.
To eliminate this warning, add "type": "module" to \\?\M:\physix-app\package.json.
(Use `node --trace-warnings ...` to show where the warning was created)
Γ£ö one ordered primary navigation, with no identity-dependent inputs (2.2239ms)
Γ£ö all private care routes keep the same primary item (0.3384ms)
Γ£ö public booking and programme discovery do not pretend to be owned care (0.2026ms)
Γ£ö private destination survives sign-in without query data (0.6309ms)
Γ£ö external, encoded, protocol-relative and malformed return targets fail closed (0.9876ms)
Γ£ö unknown record paths are not accepted (0.6549ms)
Γ£ö old root and programme URLs have a canonical destination (0.2463ms)
Γ£ö old exercise and appointment bookmarks remain routable (0.2847ms)
Γ£ö unknown legacy paths never become redirects (0.3329ms)
Γ£ö legacy booking keeps public filters, not patient or slot fields (11.0725ms)
Γ£ö return paths reject trailing whitespace and line breaks (0.3011ms)
(node:21692) [MODULE_TYPELESS_PACKAGE_JSON] Warning: Module type of file:///M:/physix-app/src/shared/physix/programmes.ts is not specified and it doesn't parse as CommonJS.
Reparsing as ES module because module syntax was detected. This incurs a performance overhead.
To eliminate this warning, add "type": "module" to \\?\M:\physix-app\package.json.
(Use `node --trace-warnings ...` to show where the warning was created)
Γ£ö workouts belong to their exact assignment, not title or published version (24.9195ms)
Γ£ö repeat attempts count once for programme session completion (0.4141ms)
Γ£ö another relationship programme cannot leak through programme grouping (0.9287ms)
Γ£ö finished programmes have no invented next session (0.5047ms)
Γ£ö cancelled-only programme has no completion percentage (0.3228ms)
Γ£ö paused attempt takes priority over other assigned sessions (0.1626ms)
Γ£ö week crosses month and year with actual ISO dates (1.2749ms)
Γ£ö activity excludes future, abandoned and outside-period completion (37.0471ms)
Γ£ö programme activity filter never mixes other programme attempts (5.2577ms)
Γ£ö unknown filter and no eligible schedule produce honest empty metrics (3.1346ms)
(node:10128) [MODULE_TYPELESS_PACKAGE_JSON] Warning: Module type of file:///M:/physix-app/src/server/gymaf/pkce.ts is not specified and it doesn't parse as CommonJS.
Reparsing as ES module because module syntax was detected. This incurs a performance overhead.
To eliminate this warning, add "type": "module" to \\?\M:\physix-app\package.json.
(Use `node --trace-warnings ...` to show where the warning was created)
Γ£ö S256 matches the RFC 7636 reference vector (4.3355ms)
Γ£ö login attempts use independent valid PKCE verifiers (5.2947ms)
Γ£ö missing, oversized and malformed verifier cookies are rejected (1.2934ms)
(node:21644) [MODULE_TYPELESS_PACKAGE_JSON] Warning: Module type of file:///M:/physix-app/src/features/gymaf/profile-drafts.ts is not specified and it doesn't parse as CommonJS.
Reparsing as ES module because module syntax was detected. This incurs a performance overhead.
To eliminate this warning, add "type": "module" to \\?\M:\physix-app\package.json.
(Use `node --trace-warnings ...` to show where the warning was created)
Γ£ö profile history draft retains original revision and retry ID across account refresh (1.0616ms)
Γ£ö all profile draft fields participate in dirty detection and auth clearing (0.3306ms)
(node:13116) [MODULE_TYPELESS_PACKAGE_JSON] Warning: Module type of file:///M:/physix-app/src/features/gymaf/progress-data.ts is not specified and it doesn't parse as CommonJS.
Reparsing as ES module because module syntax was detected. This incurs a performance overhead.
To eliminate this warning, add "type": "module" to \\?\M:\physix-app\package.json.
(Use `node --trace-warnings ...` to show where the warning was created)
Γ£ö progress windows use completion dates in the client timezone and omit future or incomplete sessions (35.0882ms)
Γ£ö calendar covers every day in the window including six-row and year-boundary grids (0.6554ms)
(node:43632) [MODULE_TYPELESS_PACKAGE_JSON] Warning: Module type of file:///M:/physix-app/src/shared/gymaf/validation.ts is not specified and it doesn't parse as CommonJS.
Reparsing as ES module because module syntax was detected. This incurs a performance overhead.
To eliminate this warning, add "type": "module" to \\?\M:\physix-app\package.json.
(Use `node --trace-warnings ...` to show where the warning was created)
Γ£ö booking requires zoned bounded instants and rejects member ownership injection (5.0373ms)
Γ£ö friend secrets have exact entropy encoding and cannot inject sharing fields (1.2719ms)
Γ£ö attachment publishing accepts only the owned identifier; internal lifecycle commands are not browser commands (0.358ms)
Γ£ö selected attachment drafts stay account scoped and clear at authentication boundaries (0.7192ms)
(node:35008) [MODULE_TYPELESS_PACKAGE_JSON] Warning: Module type of file:///M:/physix-app/src/features/gymaf/request-signal.ts is not specified and it doesn't parse as CommonJS.
Reparsing as ES module because module syntax was detected. This incurs a performance overhead.
To eliminate this warning, add "type": "module" to \\?\M:\physix-app\package.json.
(Use `node --trace-warnings ...` to show where the warning was created)
Γ£ö a caller controller preserves both timeout recovery and navigation cancellation (39.0946ms)
(node:48100) [MODULE_TYPELESS_PACKAGE_JSON] Warning: Module type of file:///M:/physix-app/src/shared/gymaf/validation.ts is not specified and it doesn't parse as CommonJS.
Reparsing as ES module because module syntax was detected. This incurs a performance overhead.
To eliminate this warning, add "type": "module" to \\?\M:\physix-app\package.json.
(Use `node --trace-warnings ...` to show where the warning was created)
Γ£ö feedback can remain unrated and private, flags retain explicit reasons (4.1905ms)
Γ£ö feedback rejects malformed values, duplicate flags and owner overrides (1.0146ms)
Γ£ö sending feedback references only the saved session revision (0.3046ms)
(node:15940) [MODULE_TYPELESS_PACKAGE_JSON] Warning: Module type of file:///M:/physix-app/src/shared/gymaf/validation.ts is not specified and it doesn't parse as CommonJS.
Reparsing as ES module because module syntax was detected. This incurs a performance overhead.
To eliminate this warning, add "type": "module" to \\?\M:\physix-app\package.json.
(Use `node --trace-warnings ...` to show where the warning was created)
Γ£ö shipping validates country-aware fields and source shirt sizes without accepting authority fields (4.2393ms)
Γ£ö shipping keeps separate save and removal retries, detects changes and clears on authentication changes (0.4703ms)
(node:48436) [MODULE_TYPELESS_PACKAGE_JSON] Warning: Module type of file:///M:/physix-app/src/lib/backend/member-adapter.ts is not specified and it doesn't parse as CommonJS.
Reparsing as ES module because module syntax was detected. This incurs a performance overhead.
To eliminate this warning, add "type": "module" to \\?\M:\physix-app\package.json.
(Use `node --trace-warnings ...` to show where the warning was created)
Γ£ö template member adapter has no reference fixtures and converts saved measurements consistently (5.6564ms)
Γ£ö editing an event preserves all event fields and emits its saved revision (0.8439ms)
Γ£ö deletion uses only loaded record identities and revisions (0.4568ms)
(node:41896) [MODULE_TYPELESS_PACKAGE_JSON] Warning: Module type of file:///M:/physix-app/src/shared/gymaf/validation.ts is not specified and it doesn't parse as CommonJS.
Reparsing as ES module because module syntax was detected. This incurs a performance overhead.
To eliminate this warning, add "type": "module" to \\?\M:\physix-app\package.json.
(Use `node --trace-warnings ...` to show where the warning was created)
Γ£ö favorites require a real scheduled identity, boolean and revision, with no owner override (4.248ms)
(node:50028) [MODULE_TYPELESS_PACKAGE_JSON] Warning: Module type of file:///M:/physix-app/src/shared/gymaf/validation.ts is not specified and it doesn't parse as CommonJS.
Reparsing as ES module because module syntax was detected. This incurs a performance overhead.
To eliminate this warning, add "type": "module" to \\?\M:\physix-app\package.json.
(Use `node --trace-warnings ...` to show where the warning was created)
Γ£ö real calendar dates, not weekday labels, are required (3.7283ms)
Γ£ö week starts remain distinct across weeks and year boundaries (0.4098ms)
Γ£ö timer is derived from acknowledged timestamps rather than counted interval callbacks (0.3202ms)
Γ£ö valid program plan retains nullable targets (2.8034ms)
Γ£ö plan rejects malformed nested state instead of calling map on null (0.7257ms)
Γ£ö plan IDs are unique and target numbers are finite (0.3293ms)
Γ£ö a set requires a nonzero repetition, duration or distance target (0.2447ms)
Γ£ö identifiers and extra authority fields are rejected (2.6679ms)
Γ£ö a retry retains its command ID; a genuine new attempt has a different ID (0.5076ms)
Γ£ö actual zero and unknown are distinct; negative and fractional repetitions fail (0.5504ms)
Γ£ö check-in period starts on Monday and unknown commands fail closed (0.3187ms)
Γ£ö entitlement end follows start and client cannot set an invented source (0.9ms)
Γä╣ tests 95
Γä╣ suites 0
Γä╣ pass 95
Γä╣ fail 0
Γä╣ cancelled 0
Γä╣ skipped 0
Γä╣ todo 0
Γä╣ duration_ms 1086.1034
