
> physix-app@0.1.0 test:ui
> node scripts/physix-mint-check.mjs

PASS Home shows one service collection rather than mixed discovery blocks
PASS Home search is immediately below the short heading
PASS Public icon-only dock uses four 44px controls, not a full-width bar
PASS White canvas has no tinted background gradient
PASS Discovery keeps one shared solid media-card geometry
PASS Search input uses readable 16px type
PASS No category switch or hidden discovery view remains
PASS Treatment rail has a visible next card rather than another category control
PASS Service headings sit under the discovery heading
PASS assessment card opens its existing booking time picker
PASS assessment booking Back returns to the unfiltered Home
PASS sports card opens its existing booking time picker
PASS sports booking Back returns to the unfiltered Home
PASS mobility card opens its existing booking time picker
PASS mobility booking Back returns to the unfiltered Home
PASS back remains discoverable without an area picker
PASS neck remains discoverable without an area picker
PASS Obsolete area bookmarks do not restore the rejected interface
PASS Service cards open with keyboard Enter
PASS Dock hides during text entry
PASS Home search preserves matching service discovery
PASS A single service tap opens live local times
PASS Time-step heading receives focus; there is no blocking dock
PASS Native browser Back returns to service selection
PASS Native Forward restores selected service and times
PASS Home artwork card enters times directly
PASS Review shows selected time and UTC
PASS Back from review keeps the selected slot
PASS Local identity entry keeps service and time in review
PASS Failed reservation stays unconfirmed with a recoverable error
PASS Reservation success follows server acknowledgement
PASS Patient dock is 200 by 44 with four fixed destinations
PASS Menu Escape restores focus to icon button
CARE_UI_BROWSER_PASSED 43 checks 28 route/viewport records
