
> physix-app@0.1.0 test:unit
> node --experimental-strip-types --test tests/unit/*.test.mjs

(node:48240) [MODULE_TYPELESS_PACKAGE_JSON] Warning: Module type of file:///M:/physix-app/src/shared/gymaf/validation.ts is not specified and it doesn't parse as CommonJS.
Reparsing as ES module because module syntax was detected. This incurs a performance overhead.
To eliminate this warning, add "type": "module" to \\?\M:\physix-app\package.json.
(Use `node --trace-warnings ...` to show where the warning was created)
✔ account optional fields validate dates, ranges, names and contact phone without auth claims (7.068ms)
✔ interests accept Unicode and reject duplicate tags, invalid values and excess entries (24.2767ms)
✔ removing and re-adding the same profile interests restores a clean draft (4.6963ms)
(node:56416) [MODULE_TYPELESS_PACKAGE_JSON] Warning: Module type of file:///M:/physix-app/src/shared/gymaf/validation.ts is not specified and it doesn't parse as CommonJS.
Reparsing as ES module because module syntax was detected. This incurs a performance overhead.
To eliminate this warning, add "type": "module" to \\?\M:\physix-app\package.json.
(Use `node --trace-warnings ...` to show where the warning was created)
✔ directory commands accept approved finite metadata and reject injected owner or publishing fields (3.2162ms)
✔ directory filters combine alternatives within a category and requirements across categories (13.169ms)
✔ directory filters and unsaved profile are scoped by account and clear with authentication (0.3892ms)
(node:23068) [MODULE_TYPELESS_PACKAGE_JSON] Warning: Module type of file:///M:/physix-app/src/shared/gymaf/validation.ts is not specified and it doesn't parse as CommonJS.
Reparsing as ES module because module syntax was detected. This incurs a performance overhead.
To eliminate this warning, add "type": "module" to \\?\M:\physix-app\package.json.
(Use `node --trace-warnings ...` to show where the warning was created)
✔ private coach rating requires an owned relationship, revision and integer1–5 without owner overrides (3.2709ms)
✔ rating drafts isolate relationships and accounts and keep retry baseline until auth clearing (0.5948ms)
(node:44240) [MODULE_TYPELESS_PACKAGE_JSON] Warning: Module type of file:///M:/physix-app/src/features/gymaf/feedback-drafts.ts is not specified and it doesn't parse as CommonJS.
Reparsing as ES module because module syntax was detected. This incurs a performance overhead.
To eliminate this warning, add "type": "module" to \\?\M:\physix-app\package.json.
(Use `node --trace-warnings ...` to show where the warning was created)
✔ history recovery keeps the original revision, separates account keys and clears on auth change (1.0765ms)
(node:56000) [MODULE_TYPELESS_PACKAGE_JSON] Warning: Module type of file:///M:/physix-app/src/shared/gymaf/validation.ts is not specified and it doesn't parse as CommonJS.
Reparsing as ES module because module syntax was detected. This incurs a performance overhead.
To eliminate this warning, add "type": "module" to \\?\M:\physix-app\package.json.
(Use `node --trace-warnings ...` to show where the warning was created)
✔ guest creation cannot inject credits, recipient or expiry (4.223ms)
✔ guest acceptance cannot set membership length or bypass one-use secret (0.4702ms)
✔ replacing a guest link accepts only owned-pass identity and a new secret (0.2398ms)
(node:55580) [MODULE_TYPELESS_PACKAGE_JSON] Warning: Module type of file:///M:/physix-app/src/server/gymaf/media-image.ts is not specified and it doesn't parse as CommonJS.
Reparsing as ES module because module syntax was detected. This incurs a performance overhead.
To eliminate this warning, add "type": "module" to \\?\M:\physix-app\package.json.
(Use `node --trace-warnings ...` to show where the warning was created)
✔ photo normalization orients, bounds and strips private EXIF metadata (247.1728ms)
✔ transparent PNG and WebP become still JPEG with white background (53.1203ms)
✔ photo decoder rejects oversized, empty, active content, corrupt and animated files (11.2382ms)
✔ idempotency keys are stable per asset and action, and isolated across assets (0.8417ms)
✔ private photo drafts recover per account and clear on discard or session change (0.651ms)
(node:16068) [MODULE_TYPELESS_PACKAGE_JSON] Warning: Module type of file:///M:/physix-app/src/shared/gymaf/validation.ts is not specified and it doesn't parse as CommonJS.
Reparsing as ES module because module syntax was detected. This incurs a performance overhead.
To eliminate this warning, add "type": "module" to \\?\M:\physix-app\package.json.
(Use `node --trace-warnings ...` to show where the warning was created)
✔ member records retain real dates, structured units and empty equipment (5.285ms)
✔ member records reject owner overrides, malformed dates, low weights and duplicate equipment (1.2957ms)
✔ preferences are complete, strictly typed and cannot store arbitrary authority flags (0.7951ms)
✔ events retain notes and reject missing dates, null enums and oversized details (2.4226ms)
(node:57188) [MODULE_TYPELESS_PACKAGE_JSON] Warning: Module type of file:///M:/physix-app/src/shared/physix/booking-preview.ts is not specified and it doesn't parse as CommonJS.
Reparsing as ES module because module syntax was detected. This incurs a performance overhead.
To eliminate this warning, add "type": "module" to \\?\M:\physix-app\package.json.
(Use `node --trace-warnings ...` to show where the warning was created)
✔ booking preview is explicitly not a reservation and carries no entered personal data (7.8769ms)
✔ preview rejects unknown services and unavailable modalities (0.4559ms)
✔ preview rejects absent, invented and unavailable times (0.299ms)
✔ acknowledgement and command identity are required (0.249ms)
✔ unchanged preview retries return the original result and changed payloads conflict (0.4732ms)
✔ example slots have distinct identities, full instants, and a 45-minute sample duration (0.9224ms)
✔ date and time formatting uses explicit UTC, not the browser timezone (28.6528ms)
(node:27316) [MODULE_TYPELESS_PACKAGE_JSON] Warning: Module type of file:///M:/physix-app/src/shared/physix/care.ts is not specified and it doesn't parse as CommonJS.
Reparsing as ES module because module syntax was detected. This incurs a performance overhead.
To eliminate this warning, add "type": "module" to \\?\M:\physix-app\package.json.
(Use `node --trace-warnings ...` to show where the warning was created)
✔ No assigned schedule does not become zero-percent failure (2.3606ms)
✔ Repeat attempts count as activity but not extra adherence (1.012ms)
✔ Future sessions and cancelled prescriptions are excluded from due denominator (0.5152ms)
✔ Unfinished and abandoned attempts are not counted as completed (0.2248ms)
✔ Pausing care does not show a failure percentage (0.2309ms)
✔ Activity is explicitly restricted to the displayed seven-day range (0.1783ms)
(node:36436) [MODULE_TYPELESS_PACKAGE_JSON] Warning: Module type of file:///M:/physix-app/src/shared/physix/demo.ts is not specified and it doesn't parse as CommonJS.
Reparsing as ES module because module syntax was detected. This incurs a performance overhead.
To eliminate this warning, add "type": "module" to \\?\M:\physix-app\package.json.
(Use `node --trace-warnings ...` to show where the warning was created)
✔ demo requires development AND explicit opt-in (1.1205ms)
✔ Fidelity-style elapsed clock excludes paused time and tolerates clock reversal (0.308ms)
✔ unchanged set retry is idempotent and completed history stays immutable (0.4537ms)
✔ empty and zero-only attempts cannot pretend to be performed sessions (0.2749ms)
✔ actuals reject invalid dosage, unknown exercise and paused writes (0.3105ms)
✔ service matching preserves Unicode and requires every search term (0.3699ms)
✔ legacy provider boundary fails closed without explicit isolated environment (0.8661ms)
(node:51948) [MODULE_TYPELESS_PACKAGE_JSON] Warning: Module type of file:///M:/physix-app/src/shared/physix/home-care.ts is not specified and it doesn't parse as CommonJS.
Reparsing as ES module because module syntax was detected. This incurs a performance overhead.
To eliminate this warning, add "type": "module" to \\?\M:\physix-app\package.json.
(Use `node --trace-warnings ...` to show where the warning was created)
✔ Home guest has no fabricated programme or completion (1.2504ms)
✔ Signed-in empty care is distinct from a guest (0.2111ms)
✔ Home directs an authorized patient to the actual next session (0.6582ms)
✔ Paused programme takes priority over the first available plan (0.3025ms)
✔ A completed session is not offered as an active attempt (0.1836ms)
✔ Read-only care never offers a start or resume action (0.2101ms)
✔ Finished programme opens its record, not an invented next workout (0.6511ms)
✔ Summary excludes clinical content and does not mutate input (1.1901ms)
(node:42072) [MODULE_TYPELESS_PACKAGE_JSON] Warning: Module type of file:///M:/physix-app/src/shared/physix/navigation.ts is not specified and it doesn't parse as CommonJS.
Reparsing as ES module because module syntax was detected. This incurs a performance overhead.
To eliminate this warning, add "type": "module" to \\?\M:\physix-app\package.json.
(Use `node --trace-warnings ...` to show where the warning was created)
✔ one ordered primary navigation, with no identity-dependent inputs (2.0515ms)
✔ all private care routes keep the same primary item (0.3299ms)
✔ public booking and programme discovery do not pretend to be owned care (0.215ms)
✔ private destination survives sign-in without query data (0.664ms)
✔ external, encoded, protocol-relative and malformed return targets fail closed (0.2256ms)
✔ unknown record paths are not accepted (0.1653ms)
✔ old root and programme URLs have a canonical destination (0.221ms)
✔ old exercise and appointment bookmarks remain routable (0.1221ms)
✔ unknown legacy paths never become redirects (0.6571ms)
✔ legacy booking keeps public filters, not patient or slot fields (0.6153ms)
✔ return paths reject trailing whitespace and line breaks (9.6923ms)
(node:4732) [MODULE_TYPELESS_PACKAGE_JSON] Warning: Module type of file:///M:/physix-app/src/shared/physix/programmes.ts is not specified and it doesn't parse as CommonJS.
Reparsing as ES module because module syntax was detected. This incurs a performance overhead.
To eliminate this warning, add "type": "module" to \\?\M:\physix-app\package.json.
(Use `node --trace-warnings ...` to show where the warning was created)
✔ workouts belong to their exact assignment, not title or published version (23.5224ms)
✔ repeat attempts count once for programme session completion (0.7026ms)
✔ another relationship programme cannot leak through programme grouping (1.2376ms)
✔ finished programmes have no invented next session (0.8155ms)
✔ cancelled-only programme has no completion percentage (0.4974ms)
✔ paused attempt takes priority over other assigned sessions (0.2147ms)
✔ week crosses month and year with actual ISO dates (1.3773ms)
✔ activity excludes future, abandoned and outside-period completion (2.8608ms)
✔ programme activity filter never mixes other programme attempts (0.5707ms)
✔ unknown filter and no eligible schedule produce honest empty metrics (0.4073ms)
(node:23860) [MODULE_TYPELESS_PACKAGE_JSON] Warning: Module type of file:///M:/physix-app/src/server/gymaf/pkce.ts is not specified and it doesn't parse as CommonJS.
Reparsing as ES module because module syntax was detected. This incurs a performance overhead.
To eliminate this warning, add "type": "module" to \\?\M:\physix-app\package.json.
(Use `node --trace-warnings ...` to show where the warning was created)
✔ S256 matches the RFC 7636 reference vector (1.6558ms)
✔ login attempts use independent valid PKCE verifiers (0.8383ms)
✔ missing, oversized and malformed verifier cookies are rejected (0.2874ms)
(node:55160) [MODULE_TYPELESS_PACKAGE_JSON] Warning: Module type of file:///M:/physix-app/src/features/gymaf/profile-drafts.ts is not specified and it doesn't parse as CommonJS.
Reparsing as ES module because module syntax was detected. This incurs a performance overhead.
To eliminate this warning, add "type": "module" to \\?\M:\physix-app\package.json.
(Use `node --trace-warnings ...` to show where the warning was created)
✔ profile history draft retains original revision and retry ID across account refresh (1.3532ms)
✔ all profile draft fields participate in dirty detection and auth clearing (0.3399ms)
(node:49520) [MODULE_TYPELESS_PACKAGE_JSON] Warning: Module type of file:///M:/physix-app/src/features/gymaf/progress-data.ts is not specified and it doesn't parse as CommonJS.
Reparsing as ES module because module syntax was detected. This incurs a performance overhead.
To eliminate this warning, add "type": "module" to \\?\M:\physix-app\package.json.
(Use `node --trace-warnings ...` to show where the warning was created)
✔ progress windows use completion dates in the client timezone and omit future or incomplete sessions (35.0948ms)
✔ calendar covers every day in the window including six-row and year-boundary grids (0.5578ms)
(node:21424) [MODULE_TYPELESS_PACKAGE_JSON] Warning: Module type of file:///M:/physix-app/src/shared/gymaf/validation.ts is not specified and it doesn't parse as CommonJS.
Reparsing as ES module because module syntax was detected. This incurs a performance overhead.
To eliminate this warning, add "type": "module" to \\?\M:\physix-app\package.json.
(Use `node --trace-warnings ...` to show where the warning was created)
✔ booking requires zoned bounded instants and rejects member ownership injection (9.2591ms)
✔ friend secrets have exact entropy encoding and cannot inject sharing fields (0.6671ms)
✔ attachment publishing accepts only the owned identifier; internal lifecycle commands are not browser commands (0.2789ms)
✔ selected attachment drafts stay account scoped and clear at authentication boundaries (0.7174ms)
(node:15060) [MODULE_TYPELESS_PACKAGE_JSON] Warning: Module type of file:///M:/physix-app/src/features/gymaf/request-signal.ts is not specified and it doesn't parse as CommonJS.
Reparsing as ES module because module syntax was detected. This incurs a performance overhead.
To eliminate this warning, add "type": "module" to \\?\M:\physix-app\package.json.
(Use `node --trace-warnings ...` to show where the warning was created)
✔ a caller controller preserves both timeout recovery and navigation cancellation (45.3659ms)
(node:12248) [MODULE_TYPELESS_PACKAGE_JSON] Warning: Module type of file:///M:/physix-app/src/shared/gymaf/validation.ts is not specified and it doesn't parse as CommonJS.
Reparsing as ES module because module syntax was detected. This incurs a performance overhead.
To eliminate this warning, add "type": "module" to \\?\M:\physix-app\package.json.
(Use `node --trace-warnings ...` to show where the warning was created)
✔ feedback can remain unrated and private, flags retain explicit reasons (17.627ms)
✔ feedback rejects malformed values, duplicate flags and owner overrides (3.7116ms)
✔ sending feedback references only the saved session revision (0.5947ms)
(node:48768) [MODULE_TYPELESS_PACKAGE_JSON] Warning: Module type of file:///M:/physix-app/src/shared/gymaf/validation.ts is not specified and it doesn't parse as CommonJS.
Reparsing as ES module because module syntax was detected. This incurs a performance overhead.
To eliminate this warning, add "type": "module" to \\?\M:\physix-app\package.json.
(Use `node --trace-warnings ...` to show where the warning was created)
✔ shipping validates country-aware fields and source shirt sizes without accepting authority fields (3.7963ms)
✔ shipping keeps separate save and removal retries, detects changes and clears on authentication changes (0.3613ms)
(node:47224) [MODULE_TYPELESS_PACKAGE_JSON] Warning: Module type of file:///M:/physix-app/src/lib/backend/member-adapter.ts is not specified and it doesn't parse as CommonJS.
Reparsing as ES module because module syntax was detected. This incurs a performance overhead.
To eliminate this warning, add "type": "module" to \\?\M:\physix-app\package.json.
(Use `node --trace-warnings ...` to show where the warning was created)
✔ template member adapter has no reference fixtures and converts saved measurements consistently (3.3161ms)
✔ editing an event preserves all event fields and emits its saved revision (2.2316ms)
✔ deletion uses only loaded record identities and revisions (0.5325ms)
(node:57112) [MODULE_TYPELESS_PACKAGE_JSON] Warning: Module type of file:///M:/physix-app/src/shared/gymaf/validation.ts is not specified and it doesn't parse as CommonJS.
Reparsing as ES module because module syntax was detected. This incurs a performance overhead.
To eliminate this warning, add "type": "module" to \\?\M:\physix-app\package.json.
(Use `node --trace-warnings ...` to show where the warning was created)
✔ favorites require a real scheduled identity, boolean and revision, with no owner override (4.9253ms)
(node:37292) [MODULE_TYPELESS_PACKAGE_JSON] Warning: Module type of file:///M:/physix-app/src/shared/gymaf/validation.ts is not specified and it doesn't parse as CommonJS.
Reparsing as ES module because module syntax was detected. This incurs a performance overhead.
To eliminate this warning, add "type": "module" to \\?\M:\physix-app\package.json.
(Use `node --trace-warnings ...` to show where the warning was created)
✔ real calendar dates, not weekday labels, are required (4.1643ms)
✔ week starts remain distinct across weeks and year boundaries (0.4494ms)
✔ timer is derived from acknowledged timestamps rather than counted interval callbacks (0.3773ms)
✔ valid program plan retains nullable targets (2.5331ms)
✔ plan rejects malformed nested state instead of calling map on null (0.4106ms)
✔ plan IDs are unique and target numbers are finite (0.2949ms)
✔ a set requires a nonzero repetition, duration or distance target (0.2154ms)
✔ identifiers and extra authority fields are rejected (1.9288ms)
✔ a retry retains its command ID; a genuine new attempt has a different ID (1.0886ms)
✔ actual zero and unknown are distinct; negative and fractional repetitions fail (1.2643ms)
✔ check-in period starts on Monday and unknown commands fail closed (0.3332ms)
✔ entitlement end follows start and client cannot set an invented source (0.7936ms)
ℹ tests 103
ℹ suites 0
ℹ pass 103
ℹ fail 0
ℹ cancelled 0
ℹ skipped 0
ℹ todo 0
ℹ duration_ms 730.6208
