
> physix-app@0.1.0 test:appointments
> node scripts/physix-appointment-browser.mjs

<ref *1> Error: spawnSync C:/Users/radev/AppData/Local/nvm/v24.21.0/node_modules/agent-browser/bin/agent-browser-win32-x64.exe ENOENT
    at Object.spawnSync (node:internal/child_process:1160:20)
    at spawnSync (node:child_process:928:24)
    at execFileSync (node:child_process:971:15)
    at run (file:///M:/physix-app/scripts/physix-appointment-browser.mjs:9:42)
    at file:///M:/physix-app/scripts/physix-appointment-browser.mjs:19:2
    at ModuleJob.run (node:internal/modules/esm/module_job:439:25)
    at async node:internal/modules/esm/loader:643:26
    at async asyncRunEntryPointWithESMLoader (node:internal/modules/run_main:101:5) {
  errno: -4058,
  code: 'ENOENT',
  syscall: 'spawnSync C:/Users/radev/AppData/Local/nvm/v24.21.0/node_modules/agent-browser/bin/agent-browser-win32-x64.exe',
  path: 'C:/Users/radev/AppData/Local/nvm/v24.21.0/node_modules/agent-browser/bin/agent-browser-win32-x64.exe',
  spawnargs: [
    '--session',
    'physix-appointments-1790171334643',
    '--json',
    'set',
    'viewport',
    '390',
    '844'
  ],
  error: [Circular *1],
  status: null,
  signal: null,
  output: null,
  pid: 0,
  stdout: undefined,
  stderr: undefined
}
