
> physix-app@0.1.0 test:unit
> node --experimental-strip-types --test tests/unit/*.test.mjs

(node:30724) [MODULE_TYPELESS_PACKAGE_JSON] Warning: Module type of file:///M:/physix-app/src/shared/gymaf/validation.ts is not specified and it doesn't parse as CommonJS.
Reparsing as ES module because module syntax was detected. This incurs a performance overhead.
To eliminate this warning, add "type": "module" to \\?\M:\physix-app\package.json.
(Use `node --trace-warnings ...` to show where the warning was created)
✔ account optional fields validate dates, ranges, names and contact phone without auth claims (8.5152ms)
✔ interests accept Unicode and reject duplicate tags, invalid values and excess entries (32.8857ms)
✔ removing and re-adding the same profile interests restores a clean draft (17.3249ms)
(node:16300) [MODULE_TYPELESS_PACKAGE_JSON] Warning: Module type of file:///M:/physix-app/src/shared/gymaf/validation.ts is not specified and it doesn't parse as CommonJS.
Reparsing as ES module because module syntax was detected. This incurs a performance overhead.
To eliminate this warning, add "type": "module" to \\?\M:\physix-app\package.json.
(Use `node --trace-warnings ...` to show where the warning was created)
✔ directory commands accept approved finite metadata and reject injected owner or publishing fields (3.5433ms)
✔ directory filters combine alternatives within a category and requirements across categories (13.4243ms)
✔ directory filters and unsaved profile are scoped by account and clear with authentication (0.3792ms)
(node:40384) [MODULE_TYPELESS_PACKAGE_JSON] Warning: Module type of file:///M:/physix-app/src/shared/gymaf/validation.ts is not specified and it doesn't parse as CommonJS.
Reparsing as ES module because module syntax was detected. This incurs a performance overhead.
To eliminate this warning, add "type": "module" to \\?\M:\physix-app\package.json.
(Use `node --trace-warnings ...` to show where the warning was created)
✔ private coach rating requires an owned relationship, revision and integer1–5 without owner overrides (6.4799ms)
✔ rating drafts isolate relationships and accounts and keep retry baseline until auth clearing (0.3129ms)
(node:11744) [MODULE_TYPELESS_PACKAGE_JSON] Warning: Module type of file:///M:/physix-app/src/features/gymaf/feedback-drafts.ts is not specified and it doesn't parse as CommonJS.
Reparsing as ES module because module syntax was detected. This incurs a performance overhead.
To eliminate this warning, add "type": "module" to \\?\M:\physix-app\package.json.
(Use `node --trace-warnings ...` to show where the warning was created)
✔ history recovery keeps the original revision, separates account keys and clears on auth change (2.0176ms)
(node:58852) [MODULE_TYPELESS_PACKAGE_JSON] Warning: Module type of file:///M:/physix-app/src/shared/gymaf/validation.ts is not specified and it doesn't parse as CommonJS.
Reparsing as ES module because module syntax was detected. This incurs a performance overhead.
To eliminate this warning, add "type": "module" to \\?\M:\physix-app\package.json.
(Use `node --trace-warnings ...` to show where the warning was created)
✔ guest creation cannot inject credits, recipient or expiry (4.0149ms)
✔ guest acceptance cannot set membership length or bypass one-use secret (0.6915ms)
✔ replacing a guest link accepts only owned-pass identity and a new secret (0.2899ms)
(node:24308) [MODULE_TYPELESS_PACKAGE_JSON] Warning: Module type of file:///M:/physix-app/src/server/gymaf/media-image.ts is not specified and it doesn't parse as CommonJS.
Reparsing as ES module because module syntax was detected. This incurs a performance overhead.
To eliminate this warning, add "type": "module" to \\?\M:\physix-app\package.json.
(Use `node --trace-warnings ...` to show where the warning was created)
✔ photo normalization orients, bounds and strips private EXIF metadata (268.0012ms)
✔ transparent PNG and WebP become still JPEG with white background (28.7323ms)
✔ photo decoder rejects oversized, empty, active content, corrupt and animated files (7.7901ms)
✔ idempotency keys are stable per asset and action, and isolated across assets (0.8271ms)
✔ private photo drafts recover per account and clear on discard or session change (0.7673ms)
(node:40508) [MODULE_TYPELESS_PACKAGE_JSON] Warning: Module type of file:///M:/physix-app/src/shared/gymaf/validation.ts is not specified and it doesn't parse as CommonJS.
Reparsing as ES module because module syntax was detected. This incurs a performance overhead.
To eliminate this warning, add "type": "module" to \\?\M:\physix-app\package.json.
(Use `node --trace-warnings ...` to show where the warning was created)
✔ member records retain real dates, structured units and empty equipment (6.0289ms)
✔ member records reject owner overrides, malformed dates, low weights and duplicate equipment (0.8886ms)
✔ preferences are complete, strictly typed and cannot store arbitrary authority flags (0.4638ms)
✔ events retain notes and reject missing dates, null enums and oversized details (0.3958ms)
(node:13940) [MODULE_TYPELESS_PACKAGE_JSON] Warning: Module type of file:///M:/physix-app/src/shared/physix/appointments.ts is not specified and it doesn't parse as CommonJS.
Reparsing as ES module because module syntax was detected. This incurs a performance overhead.
To eliminate this warning, add "type": "module" to \\?\M:\physix-app\package.json.
(Use `node --trace-warnings ...` to show where the warning was created)
✔ appointment bucket is based on end time, not a guessed attendance state (1.5651ms)
✔ cancelled appointments never appear upcoming even with future dates (0.2035ms)
✔ upcoming sorts earliest first without mutating source (0.278ms)
✔ past visits sort newest first and cancellation remains a separate view (0.9293ms)
✔ cancel controls are not offered for past, started or cancelled visits (0.2185ms)
✔ unknown appointment filters have a safe default (1.3779ms)
✔ Home receives no patient identifiers or payment payload (0.297ms)
✔ date labels include the full year, duration and explicit timezone (22.4412ms)
✔ invalid timestamps and zone values have honest display fallbacks (1.3674ms)
✔ book again carries only public offer and mode, never an old time or patient (0.5877ms)
✔ calendar file has correct UTC instants and does not export treatment or identity (0.7155ms)
✔ cancelled or malformed appointments cannot be exported as active calendar entries (0.405ms)
✔ appointment detail has an allowlisted sign-in continuation (0.6205ms)
(node:52680) [MODULE_TYPELESS_PACKAGE_JSON] Warning: Module type of file:///M:/physix-app/src/shared/physix/booking-link.ts is not specified and it doesn't parse as CommonJS.
Reparsing as ES module because module syntax was detected. This incurs a performance overhead.
To eliminate this warning, add "type": "module" to \\?\M:\physix-app\package.json.
(Use `node --trace-warnings ...` to show where the warning was created)
✔ Default entry opens the public service picker (4.0413ms)
✔ Online discovery retains mode without guessing a service (0.318ms)
✔ An eligible selected online service opens its time step (0.2515ms)
✔ A clinic-only service can open times without inventing an online mode (0.216ms)
✔ A clinic-only service rejects an online booking entry (0.5896ms)
✔ A time step requires a selected service (0.2021ms)
✔ Unknown modes and steps are rejected at runtime (0.2553ms)
✔ Private fields and arbitrary return URLs are not serialized (0.1651ms)
✔ Service input is not mutated and query values cannot escape their parameter (10.9105ms)
(node:7948) [MODULE_TYPELESS_PACKAGE_JSON] Warning: Module type of file:///M:/physix-app/src/shared/physix/booking-preview.ts is not specified and it doesn't parse as CommonJS.
Reparsing as ES module because module syntax was detected. This incurs a performance overhead.
To eliminate this warning, add "type": "module" to \\?\M:\physix-app\package.json.
(Use `node --trace-warnings ...` to show where the warning was created)
✔ booking preview is explicitly not a reservation and carries no entered personal data (1.2749ms)
✔ preview rejects unknown services and unavailable modalities (0.4822ms)
✔ preview rejects absent, invented and unavailable times (0.3008ms)
✔ acknowledgement and command identity are required (0.2071ms)
✔ unchanged preview retries return the original result and changed payloads conflict (0.3317ms)
✔ example slots have distinct identities, full instants, and a 45-minute sample duration (0.433ms)
✔ date and time formatting uses explicit UTC, not the browser timezone (27.2317ms)
(node:4424) [MODULE_TYPELESS_PACKAGE_JSON] Warning: Module type of file:///M:/physix-app/src/shared/physix/care.ts is not specified and it doesn't parse as CommonJS.
Reparsing as ES module because module syntax was detected. This incurs a performance overhead.
To eliminate this warning, add "type": "module" to \\?\M:\physix-app\package.json.
(Use `node --trace-warnings ...` to show where the warning was created)
✔ No assigned schedule does not become zero-percent failure (2.3783ms)
✔ Repeat attempts count as activity but not extra adherence (0.4536ms)
✔ Future sessions and cancelled prescriptions are excluded from due denominator (0.2328ms)
✔ Unfinished and abandoned attempts are not counted as completed (0.2164ms)
✔ Pausing care does not show a failure percentage (0.2219ms)
✔ Activity is explicitly restricted to the displayed seven-day range (0.1772ms)
(node:25316) [MODULE_TYPELESS_PACKAGE_JSON] Warning: Module type of file:///M:/physix-app/src/shared/physix/demo.ts is not specified and it doesn't parse as CommonJS.
Reparsing as ES module because module syntax was detected. This incurs a performance overhead.
To eliminate this warning, add "type": "module" to \\?\M:\physix-app\package.json.
(Use `node --trace-warnings ...` to show where the warning was created)
✔ demo requires development AND explicit opt-in (1.5872ms)
✔ Fidelity-style elapsed clock excludes paused time and tolerates clock reversal (0.7268ms)
✔ unchanged set retry is idempotent and completed history stays immutable (1.3462ms)
✔ empty and zero-only attempts cannot pretend to be performed sessions (1.6409ms)
✔ actuals reject invalid dosage, unknown exercise and paused writes (0.5131ms)
✔ service matching preserves Unicode and requires every search term (7.858ms)
✔ legacy provider boundary fails closed without explicit isolated environment (3.8462ms)
(node:43800) [MODULE_TYPELESS_PACKAGE_JSON] Warning: Module type of file:///M:/physix-app/src/shared/physix/home-care.ts is not specified and it doesn't parse as CommonJS.
Reparsing as ES module because module syntax was detected. This incurs a performance overhead.
To eliminate this warning, add "type": "module" to \\?\M:\physix-app\package.json.
(Use `node --trace-warnings ...` to show where the warning was created)
✔ Home guest has no fabricated programme or completion (1.1362ms)
✔ Signed-in empty care is distinct from a guest (0.2214ms)
✔ Home directs an authorized patient to the actual next session (0.2484ms)
✔ Paused programme takes priority over the first available plan (0.2433ms)
✔ A completed session is not offered as an active attempt (0.2048ms)
✔ Read-only care never offers a start or resume action (0.1465ms)
✔ Finished programme opens its record, not an invented next workout (0.1383ms)
✔ Summary excludes clinical content and does not mutate input (1.1529ms)
(node:43456) [MODULE_TYPELESS_PACKAGE_JSON] Warning: Module type of file:///M:/physix-app/src/shared/physix/navigation.ts is not specified and it doesn't parse as CommonJS.
Reparsing as ES module because module syntax was detected. This incurs a performance overhead.
To eliminate this warning, add "type": "module" to \\?\M:\physix-app\package.json.
(Use `node --trace-warnings ...` to show where the warning was created)
✔ one ordered primary navigation, with no identity-dependent inputs (2.7103ms)
✔ all private care routes keep the same primary item (0.5126ms)
✔ public booking and programme discovery do not pretend to be owned care (0.3412ms)
✔ private destination survives sign-in without query data (4.6649ms)
✔ external, encoded, protocol-relative and malformed return targets fail closed (0.6316ms)
✔ unknown record paths are not accepted (0.2319ms)
✔ old root and programme URLs have a canonical destination (0.2092ms)
✔ old exercise and appointment bookmarks remain routable (0.2027ms)
✔ unknown legacy paths never become redirects (0.2072ms)
✔ legacy booking keeps public filters, not patient or slot fields (0.444ms)
✔ return paths reject trailing whitespace and line breaks (0.1794ms)
(node:28940) [MODULE_TYPELESS_PACKAGE_JSON] Warning: Module type of file:///M:/physix-app/src/shared/physix/programmes.ts is not specified and it doesn't parse as CommonJS.
Reparsing as ES module because module syntax was detected. This incurs a performance overhead.
To eliminate this warning, add "type": "module" to \\?\M:\physix-app\package.json.
(Use `node --trace-warnings ...` to show where the warning was created)
✔ workouts belong to their exact assignment, not title or published version (48.3574ms)
✔ repeat attempts count once for programme session completion (0.7533ms)
✔ another relationship programme cannot leak through programme grouping (0.4982ms)
✔ finished programmes have no invented next session (0.416ms)
✔ cancelled-only programme has no completion percentage (3.1373ms)
✔ paused attempt takes priority over other assigned sessions (0.3773ms)
✔ week crosses month and year with actual ISO dates (1.4864ms)
✔ activity excludes future, abandoned and outside-period completion (0.6863ms)
✔ programme activity filter never mixes other programme attempts (1.7143ms)
✔ unknown filter and no eligible schedule produce honest empty metrics (0.5669ms)
(node:33788) [MODULE_TYPELESS_PACKAGE_JSON] Warning: Module type of file:///M:/physix-app/src/server/gymaf/pkce.ts is not specified and it doesn't parse as CommonJS.
Reparsing as ES module because module syntax was detected. This incurs a performance overhead.
To eliminate this warning, add "type": "module" to \\?\M:\physix-app\package.json.
(Use `node --trace-warnings ...` to show where the warning was created)
✔ S256 matches the RFC 7636 reference vector (1.692ms)
✔ login attempts use independent valid PKCE verifiers (0.6281ms)
✔ missing, oversized and malformed verifier cookies are rejected (0.3692ms)
(node:7440) [MODULE_TYPELESS_PACKAGE_JSON] Warning: Module type of file:///M:/physix-app/src/features/gymaf/profile-drafts.ts is not specified and it doesn't parse as CommonJS.
Reparsing as ES module because module syntax was detected. This incurs a performance overhead.
To eliminate this warning, add "type": "module" to \\?\M:\physix-app\package.json.
(Use `node --trace-warnings ...` to show where the warning was created)
✔ profile history draft retains original revision and retry ID across account refresh (1.0033ms)
✔ all profile draft fields participate in dirty detection and auth clearing (0.2849ms)
(node:56876) [MODULE_TYPELESS_PACKAGE_JSON] Warning: Module type of file:///M:/physix-app/src/features/gymaf/progress-data.ts is not specified and it doesn't parse as CommonJS.
Reparsing as ES module because module syntax was detected. This incurs a performance overhead.
To eliminate this warning, add "type": "module" to \\?\M:\physix-app\package.json.
(Use `node --trace-warnings ...` to show where the warning was created)
✔ progress windows use completion dates in the client timezone and omit future or incomplete sessions (39.0647ms)
✔ calendar covers every day in the window including six-row and year-boundary grids (1.2593ms)
(node:59972) [MODULE_TYPELESS_PACKAGE_JSON] Warning: Module type of file:///M:/physix-app/src/shared/gymaf/validation.ts is not specified and it doesn't parse as CommonJS.
Reparsing as ES module because module syntax was detected. This incurs a performance overhead.
To eliminate this warning, add "type": "module" to \\?\M:\physix-app\package.json.
(Use `node --trace-warnings ...` to show where the warning was created)
✔ booking requires zoned bounded instants and rejects member ownership injection (5.6308ms)
✔ friend secrets have exact entropy encoding and cannot inject sharing fields (0.4911ms)
✔ attachment publishing accepts only the owned identifier; internal lifecycle commands are not browser commands (0.2939ms)
✔ selected attachment drafts stay account scoped and clear at authentication boundaries (0.6514ms)
(node:61176) [MODULE_TYPELESS_PACKAGE_JSON] Warning: Module type of file:///M:/physix-app/src/features/gymaf/request-signal.ts is not specified and it doesn't parse as CommonJS.
Reparsing as ES module because module syntax was detected. This incurs a performance overhead.
To eliminate this warning, add "type": "module" to \\?\M:\physix-app\package.json.
(Use `node --trace-warnings ...` to show where the warning was created)
✔ a caller controller preserves both timeout recovery and navigation cancellation (29.0859ms)
(node:59648) [MODULE_TYPELESS_PACKAGE_JSON] Warning: Module type of file:///M:/physix-app/src/shared/gymaf/validation.ts is not specified and it doesn't parse as CommonJS.
Reparsing as ES module because module syntax was detected. This incurs a performance overhead.
To eliminate this warning, add "type": "module" to \\?\M:\physix-app\package.json.
(Use `node --trace-warnings ...` to show where the warning was created)
✔ feedback can remain unrated and private, flags retain explicit reasons (3.9081ms)
✔ feedback rejects malformed values, duplicate flags and owner overrides (1.1931ms)
✔ sending feedback references only the saved session revision (0.3379ms)
(node:6796) [MODULE_TYPELESS_PACKAGE_JSON] Warning: Module type of file:///M:/physix-app/src/shared/gymaf/validation.ts is not specified and it doesn't parse as CommonJS.
Reparsing as ES module because module syntax was detected. This incurs a performance overhead.
To eliminate this warning, add "type": "module" to \\?\M:\physix-app\package.json.
(Use `node --trace-warnings ...` to show where the warning was created)
✔ shipping validates country-aware fields and source shirt sizes without accepting authority fields (2.7034ms)
✔ shipping keeps separate save and removal retries, detects changes and clears on authentication changes (0.4089ms)
(node:53708) [MODULE_TYPELESS_PACKAGE_JSON] Warning: Module type of file:///M:/physix-app/src/lib/backend/member-adapter.ts is not specified and it doesn't parse as CommonJS.
Reparsing as ES module because module syntax was detected. This incurs a performance overhead.
To eliminate this warning, add "type": "module" to \\?\M:\physix-app\package.json.
(Use `node --trace-warnings ...` to show where the warning was created)
✔ template member adapter has no reference fixtures and converts saved measurements consistently (2.5102ms)
✔ editing an event preserves all event fields and emits its saved revision (0.6839ms)
✔ deletion uses only loaded record identities and revisions (0.3766ms)
(node:50044) [MODULE_TYPELESS_PACKAGE_JSON] Warning: Module type of file:///M:/physix-app/src/shared/gymaf/validation.ts is not specified and it doesn't parse as CommonJS.
Reparsing as ES module because module syntax was detected. This incurs a performance overhead.
To eliminate this warning, add "type": "module" to \\?\M:\physix-app\package.json.
(Use `node --trace-warnings ...` to show where the warning was created)
✔ favorites require a real scheduled identity, boolean and revision, with no owner override (5.4738ms)
(node:17820) [MODULE_TYPELESS_PACKAGE_JSON] Warning: Module type of file:///M:/physix-app/src/shared/gymaf/validation.ts is not specified and it doesn't parse as CommonJS.
Reparsing as ES module because module syntax was detected. This incurs a performance overhead.
To eliminate this warning, add "type": "module" to \\?\M:\physix-app\package.json.
(Use `node --trace-warnings ...` to show where the warning was created)
✔ real calendar dates, not weekday labels, are required (3.5576ms)
✔ week starts remain distinct across weeks and year boundaries (0.1802ms)
✔ timer is derived from acknowledged timestamps rather than counted interval callbacks (0.1929ms)
✔ valid program plan retains nullable targets (1.4117ms)
✔ plan rejects malformed nested state instead of calling map on null (0.2678ms)
✔ plan IDs are unique and target numbers are finite (0.2345ms)
✔ a set requires a nonzero repetition, duration or distance target (0.2033ms)
✔ identifiers and extra authority fields are rejected (0.9219ms)
✔ a retry retains its command ID; a genuine new attempt has a different ID (0.3491ms)
✔ actual zero and unknown are distinct; negative and fractional repetitions fail (0.3681ms)
✔ check-in period starts on Monday and unknown commands fail closed (0.2644ms)
✔ entitlement end follows start and client cannot set an invented source (0.3074ms)
ℹ tests 125
ℹ suites 0
ℹ pass 125
ℹ fail 0
ℹ cancelled 0
ℹ skipped 0
ℹ todo 0
ℹ duration_ms 972.9481
