
> physix-app@0.1.0 test:unit
> node --experimental-strip-types --test tests/unit/*.test.mjs

(node:53180) [MODULE_TYPELESS_PACKAGE_JSON] Warning: Module type of file:///M:/physix-app/src/shared/gymaf/validation.ts is not specified and it doesn't parse as CommonJS.
Reparsing as ES module because module syntax was detected. This incurs a performance overhead.
To eliminate this warning, add "type": "module" to \\?\M:\physix-app\package.json.
(Use `node --trace-warnings ...` to show where the warning was created)
✔ account optional fields validate dates, ranges, names and contact phone without auth claims (5.2078ms)
✔ interests accept Unicode and reject duplicate tags, invalid values and excess entries (27.7152ms)
✔ removing and re-adding the same profile interests restores a clean draft (8.0266ms)
(node:12572) [MODULE_TYPELESS_PACKAGE_JSON] Warning: Module type of file:///M:/physix-app/src/shared/gymaf/validation.ts is not specified and it doesn't parse as CommonJS.
Reparsing as ES module because module syntax was detected. This incurs a performance overhead.
To eliminate this warning, add "type": "module" to \\?\M:\physix-app\package.json.
(Use `node --trace-warnings ...` to show where the warning was created)
✔ directory commands accept approved finite metadata and reject injected owner or publishing fields (4.3817ms)
✔ directory filters combine alternatives within a category and requirements across categories (23.6237ms)
✔ directory filters and unsaved profile are scoped by account and clear with authentication (0.3071ms)
(node:31140) [MODULE_TYPELESS_PACKAGE_JSON] Warning: Module type of file:///M:/physix-app/src/shared/gymaf/validation.ts is not specified and it doesn't parse as CommonJS.
Reparsing as ES module because module syntax was detected. This incurs a performance overhead.
To eliminate this warning, add "type": "module" to \\?\M:\physix-app\package.json.
(Use `node --trace-warnings ...` to show where the warning was created)
✔ private coach rating requires an owned relationship, revision and integer1–5 without owner overrides (2.7785ms)
✔ rating drafts isolate relationships and accounts and keep retry baseline until auth clearing (0.2793ms)
(node:17316) [MODULE_TYPELESS_PACKAGE_JSON] Warning: Module type of file:///M:/physix-app/src/features/gymaf/feedback-drafts.ts is not specified and it doesn't parse as CommonJS.
Reparsing as ES module because module syntax was detected. This incurs a performance overhead.
To eliminate this warning, add "type": "module" to \\?\M:\physix-app\package.json.
(Use `node --trace-warnings ...` to show where the warning was created)
✔ history recovery keeps the original revision, separates account keys and clears on auth change (1.1334ms)
(node:49072) [MODULE_TYPELESS_PACKAGE_JSON] Warning: Module type of file:///M:/physix-app/src/shared/gymaf/validation.ts is not specified and it doesn't parse as CommonJS.
Reparsing as ES module because module syntax was detected. This incurs a performance overhead.
To eliminate this warning, add "type": "module" to \\?\M:\physix-app\package.json.
(Use `node --trace-warnings ...` to show where the warning was created)
✔ guest creation cannot inject credits, recipient or expiry (9.2543ms)
✔ guest acceptance cannot set membership length or bypass one-use secret (0.4955ms)
✔ replacing a guest link accepts only owned-pass identity and a new secret (0.2092ms)
(node:7412) [MODULE_TYPELESS_PACKAGE_JSON] Warning: Module type of file:///M:/physix-app/src/server/gymaf/media-image.ts is not specified and it doesn't parse as CommonJS.
Reparsing as ES module because module syntax was detected. This incurs a performance overhead.
To eliminate this warning, add "type": "module" to \\?\M:\physix-app\package.json.
(Use `node --trace-warnings ...` to show where the warning was created)
✔ photo normalization orients, bounds and strips private EXIF metadata (227.2434ms)
✔ transparent PNG and WebP become still JPEG with white background (43.9694ms)
✔ photo decoder rejects oversized, empty, active content, corrupt and animated files (16.3073ms)
✔ idempotency keys are stable per asset and action, and isolated across assets (1.1153ms)
✔ private photo drafts recover per account and clear on discard or session change (0.8813ms)
(node:49552) [MODULE_TYPELESS_PACKAGE_JSON] Warning: Module type of file:///M:/physix-app/src/shared/gymaf/validation.ts is not specified and it doesn't parse as CommonJS.
Reparsing as ES module because module syntax was detected. This incurs a performance overhead.
To eliminate this warning, add "type": "module" to \\?\M:\physix-app\package.json.
(Use `node --trace-warnings ...` to show where the warning was created)
✔ member records retain real dates, structured units and empty equipment (11.4925ms)
✔ member records reject owner overrides, malformed dates, low weights and duplicate equipment (1.7063ms)
✔ preferences are complete, strictly typed and cannot store arbitrary authority flags (0.9651ms)
✔ events retain notes and reject missing dates, null enums and oversized details (0.5714ms)
(node:12960) [MODULE_TYPELESS_PACKAGE_JSON] Warning: Module type of file:///M:/physix-app/src/shared/physix/appointments.ts is not specified and it doesn't parse as CommonJS.
Reparsing as ES module because module syntax was detected. This incurs a performance overhead.
To eliminate this warning, add "type": "module" to \\?\M:\physix-app\package.json.
(Use `node --trace-warnings ...` to show where the warning was created)
✔ appointment bucket is based on end time, not a guessed attendance state (1.3519ms)
✔ cancelled appointments never appear upcoming even with future dates (0.1998ms)
✔ upcoming sorts earliest first without mutating source (0.2846ms)
✔ past visits sort newest first and cancellation remains a separate view (1.1379ms)
✔ cancel controls are not offered for past, started or cancelled visits (0.2949ms)
✔ unknown appointment filters have a safe default (1.2497ms)
✔ Home receives no patient identifiers or payment payload (0.3398ms)
✔ date labels include the full year, duration and explicit timezone (26.4597ms)
✔ invalid timestamps and zone values have honest display fallbacks (2.6033ms)
✔ book again carries only public offer and mode, never an old time or patient (0.6056ms)
✔ calendar file has correct UTC instants and does not export treatment or identity (0.9091ms)
✔ cancelled or malformed appointments cannot be exported as active calendar entries (0.9954ms)
✔ appointment detail has an allowlisted sign-in continuation (0.6706ms)
(node:23260) [MODULE_TYPELESS_PACKAGE_JSON] Warning: Module type of file:///M:/physix-app/src/shared/physix/booking-link.ts is not specified and it doesn't parse as CommonJS.
Reparsing as ES module because module syntax was detected. This incurs a performance overhead.
To eliminate this warning, add "type": "module" to \\?\M:\physix-app\package.json.
(Use `node --trace-warnings ...` to show where the warning was created)
✔ Default entry opens the public service picker (1.7609ms)
✔ Online discovery retains mode without guessing a service (0.7155ms)
✔ An eligible selected online service opens its time step (0.2515ms)
✔ A clinic-only service can open times without inventing an online mode (0.2245ms)
✔ A clinic-only service rejects an online booking entry (0.9469ms)
✔ A time step requires a selected service (0.22ms)
✔ Unknown modes and steps are rejected at runtime (0.1862ms)
✔ Private fields and arbitrary return URLs are not serialized (0.17ms)
✔ Service input is not mutated and query values cannot escape their parameter (1.8422ms)
(node:16220) [MODULE_TYPELESS_PACKAGE_JSON] Warning: Module type of file:///M:/physix-app/src/shared/physix/booking-preview.ts is not specified and it doesn't parse as CommonJS.
Reparsing as ES module because module syntax was detected. This incurs a performance overhead.
To eliminate this warning, add "type": "module" to \\?\M:\physix-app\package.json.
(Use `node --trace-warnings ...` to show where the warning was created)
✔ booking preview is explicitly not a reservation and carries no entered personal data (1.1882ms)
✔ preview rejects unknown services and unavailable modalities (0.4307ms)
✔ preview rejects absent, invented and unavailable times (0.2859ms)
✔ acknowledgement and command identity are required (0.1839ms)
✔ unchanged preview retries return the original result and changed payloads conflict (0.245ms)
✔ example slots have distinct identities, full instants, and a 45-minute sample duration (0.3916ms)
✔ date and time formatting uses explicit UTC, not the browser timezone (31.9878ms)
(node:56172) [MODULE_TYPELESS_PACKAGE_JSON] Warning: Module type of file:///M:/physix-app/src/shared/physix/care.ts is not specified and it doesn't parse as CommonJS.
Reparsing as ES module because module syntax was detected. This incurs a performance overhead.
To eliminate this warning, add "type": "module" to \\?\M:\physix-app\package.json.
(Use `node --trace-warnings ...` to show where the warning was created)
✔ No assigned schedule does not become zero-percent failure (2.1643ms)
✔ Repeat attempts count as activity but not extra adherence (0.4396ms)
✔ Future sessions and cancelled prescriptions are excluded from due denominator (0.273ms)
✔ Unfinished and abandoned attempts are not counted as completed (0.2145ms)
✔ Pausing care does not show a failure percentage (0.2135ms)
✔ Activity is explicitly restricted to the displayed seven-day range (0.1754ms)
(node:23844) [MODULE_TYPELESS_PACKAGE_JSON] Warning: Module type of file:///M:/physix-app/src/shared/physix/demo.ts is not specified and it doesn't parse as CommonJS.
Reparsing as ES module because module syntax was detected. This incurs a performance overhead.
To eliminate this warning, add "type": "module" to \\?\M:\physix-app\package.json.
(Use `node --trace-warnings ...` to show where the warning was created)
✔ demo requires development AND explicit opt-in (1.211ms)
✔ Fidelity-style elapsed clock excludes paused time and tolerates clock reversal (5.4022ms)
✔ unchanged set retry is idempotent and completed history stays immutable (1.8788ms)
✔ empty and zero-only attempts cannot pretend to be performed sessions (0.4719ms)
✔ actuals reject invalid dosage, unknown exercise and paused writes (0.4167ms)
✔ service matching preserves Unicode and requires every search term (0.421ms)
✔ legacy provider boundary fails closed without explicit isolated environment (1.2496ms)
(node:58708) [MODULE_TYPELESS_PACKAGE_JSON] Warning: Module type of file:///M:/physix-app/src/shared/physix/home-care.ts is not specified and it doesn't parse as CommonJS.
Reparsing as ES module because module syntax was detected. This incurs a performance overhead.
To eliminate this warning, add "type": "module" to \\?\M:\physix-app\package.json.
(Use `node --trace-warnings ...` to show where the warning was created)
✔ Home guest has no fabricated programme or completion (1.8318ms)
✔ Signed-in empty care is distinct from a guest (0.2569ms)
✔ Home directs an authorized patient to the actual next session (0.2603ms)
✔ Paused programme takes priority over the first available plan (0.2413ms)
✔ A completed session is not offered as an active attempt (0.1823ms)
✔ Read-only care never offers a start or resume action (0.1592ms)
✔ Finished programme opens its record, not an invented next workout (0.2484ms)
✔ Summary excludes clinical content and does not mutate input (1.3371ms)
(node:17336) [MODULE_TYPELESS_PACKAGE_JSON] Warning: Module type of file:///M:/physix-app/src/shared/physix/navigation.ts is not specified and it doesn't parse as CommonJS.
Reparsing as ES module because module syntax was detected. This incurs a performance overhead.
To eliminate this warning, add "type": "module" to \\?\M:\physix-app\package.json.
(Use `node --trace-warnings ...` to show where the warning was created)
✔ one ordered primary navigation, with no identity-dependent inputs (2.9443ms)
✔ all private care routes keep the same primary item (0.2774ms)
✔ public booking and programme discovery do not pretend to be owned care (0.1832ms)
✔ private destination survives sign-in without query data (1.1199ms)
✔ external, encoded, protocol-relative and malformed return targets fail closed (0.2325ms)
✔ unknown record paths are not accepted (1.0111ms)
✔ old root and programme URLs have a canonical destination (0.3047ms)
✔ old exercise and appointment bookmarks remain routable (0.1683ms)
✔ unknown legacy paths never become redirects (0.3233ms)
✔ legacy booking keeps public filters, not patient or slot fields (1.0955ms)
✔ return paths reject trailing whitespace and line breaks (1.4516ms)
(node:21768) [MODULE_TYPELESS_PACKAGE_JSON] Warning: Module type of file:///M:/physix-app/src/shared/physix/programmes.ts is not specified and it doesn't parse as CommonJS.
Reparsing as ES module because module syntax was detected. This incurs a performance overhead.
To eliminate this warning, add "type": "module" to \\?\M:\physix-app\package.json.
(Use `node --trace-warnings ...` to show where the warning was created)
✔ workouts belong to their exact assignment, not title or published version (14.9316ms)
✔ repeat attempts count once for programme session completion (0.3798ms)
✔ another relationship programme cannot leak through programme grouping (0.1772ms)
✔ finished programmes have no invented next session (0.2052ms)
✔ cancelled-only programme has no completion percentage (0.2681ms)
✔ paused attempt takes priority over other assigned sessions (0.1484ms)
✔ week crosses month and year with actual ISO dates (1.2044ms)
✔ activity excludes future, abandoned and outside-period completion (1.7428ms)
✔ programme activity filter never mixes other programme attempts (0.401ms)
✔ unknown filter and no eligible schedule produce honest empty metrics (0.3678ms)
(node:45136) [MODULE_TYPELESS_PACKAGE_JSON] Warning: Module type of file:///M:/physix-app/src/server/gymaf/pkce.ts is not specified and it doesn't parse as CommonJS.
Reparsing as ES module because module syntax was detected. This incurs a performance overhead.
To eliminate this warning, add "type": "module" to \\?\M:\physix-app\package.json.
(Use `node --trace-warnings ...` to show where the warning was created)
✔ S256 matches the RFC 7636 reference vector (1.4008ms)
✔ login attempts use independent valid PKCE verifiers (0.6221ms)
✔ missing, oversized and malformed verifier cookies are rejected (0.3639ms)
(node:14852) [MODULE_TYPELESS_PACKAGE_JSON] Warning: Module type of file:///M:/physix-app/src/features/gymaf/profile-drafts.ts is not specified and it doesn't parse as CommonJS.
Reparsing as ES module because module syntax was detected. This incurs a performance overhead.
To eliminate this warning, add "type": "module" to \\?\M:\physix-app\package.json.
(Use `node --trace-warnings ...` to show where the warning was created)
✔ profile history draft retains original revision and retry ID across account refresh (1.3976ms)
✔ all profile draft fields participate in dirty detection and auth clearing (0.3295ms)
(node:20408) [MODULE_TYPELESS_PACKAGE_JSON] Warning: Module type of file:///M:/physix-app/src/features/gymaf/progress-data.ts is not specified and it doesn't parse as CommonJS.
Reparsing as ES module because module syntax was detected. This incurs a performance overhead.
To eliminate this warning, add "type": "module" to \\?\M:\physix-app\package.json.
(Use `node --trace-warnings ...` to show where the warning was created)
✔ progress windows use completion dates in the client timezone and omit future or incomplete sessions (53.0077ms)
✔ calendar covers every day in the window including six-row and year-boundary grids (0.6822ms)
(node:9288) [MODULE_TYPELESS_PACKAGE_JSON] Warning: Module type of file:///M:/physix-app/src/shared/gymaf/validation.ts is not specified and it doesn't parse as CommonJS.
Reparsing as ES module because module syntax was detected. This incurs a performance overhead.
To eliminate this warning, add "type": "module" to \\?\M:\physix-app\package.json.
(Use `node --trace-warnings ...` to show where the warning was created)
✔ booking requires zoned bounded instants and rejects member ownership injection (5.1211ms)
✔ friend secrets have exact entropy encoding and cannot inject sharing fields (0.6568ms)
✔ attachment publishing accepts only the owned identifier; internal lifecycle commands are not browser commands (0.2188ms)
✔ selected attachment drafts stay account scoped and clear at authentication boundaries (0.5536ms)
(node:42408) [MODULE_TYPELESS_PACKAGE_JSON] Warning: Module type of file:///M:/physix-app/src/features/gymaf/request-signal.ts is not specified and it doesn't parse as CommonJS.
Reparsing as ES module because module syntax was detected. This incurs a performance overhead.
To eliminate this warning, add "type": "module" to \\?\M:\physix-app\package.json.
(Use `node --trace-warnings ...` to show where the warning was created)
✔ a caller controller preserves both timeout recovery and navigation cancellation (33.1309ms)
(node:32120) [MODULE_TYPELESS_PACKAGE_JSON] Warning: Module type of file:///M:/physix-app/src/shared/gymaf/validation.ts is not specified and it doesn't parse as CommonJS.
Reparsing as ES module because module syntax was detected. This incurs a performance overhead.
To eliminate this warning, add "type": "module" to \\?\M:\physix-app\package.json.
(Use `node --trace-warnings ...` to show where the warning was created)
✔ feedback can remain unrated and private, flags retain explicit reasons (4.6089ms)
✔ feedback rejects malformed values, duplicate flags and owner overrides (0.9731ms)
✔ sending feedback references only the saved session revision (0.348ms)
(node:52624) [MODULE_TYPELESS_PACKAGE_JSON] Warning: Module type of file:///M:/physix-app/src/shared/gymaf/validation.ts is not specified and it doesn't parse as CommonJS.
Reparsing as ES module because module syntax was detected. This incurs a performance overhead.
To eliminate this warning, add "type": "module" to \\?\M:\physix-app\package.json.
(Use `node --trace-warnings ...` to show where the warning was created)
✔ shipping validates country-aware fields and source shirt sizes without accepting authority fields (3.1566ms)
✔ shipping keeps separate save and removal retries, detects changes and clears on authentication changes (0.3308ms)
(node:18676) [MODULE_TYPELESS_PACKAGE_JSON] Warning: Module type of file:///M:/physix-app/src/lib/backend/member-adapter.ts is not specified and it doesn't parse as CommonJS.
Reparsing as ES module because module syntax was detected. This incurs a performance overhead.
To eliminate this warning, add "type": "module" to \\?\M:\physix-app\package.json.
(Use `node --trace-warnings ...` to show where the warning was created)
✔ template member adapter has no reference fixtures and converts saved measurements consistently (3.1976ms)
✔ editing an event preserves all event fields and emits its saved revision (0.8105ms)
✔ deletion uses only loaded record identities and revisions (0.3883ms)
(node:18436) [MODULE_TYPELESS_PACKAGE_JSON] Warning: Module type of file:///M:/physix-app/src/shared/gymaf/validation.ts is not specified and it doesn't parse as CommonJS.
Reparsing as ES module because module syntax was detected. This incurs a performance overhead.
To eliminate this warning, add "type": "module" to \\?\M:\physix-app\package.json.
(Use `node --trace-warnings ...` to show where the warning was created)
✔ favorites require a real scheduled identity, boolean and revision, with no owner override (3.0009ms)
(node:23936) [MODULE_TYPELESS_PACKAGE_JSON] Warning: Module type of file:///M:/physix-app/src/shared/gymaf/validation.ts is not specified and it doesn't parse as CommonJS.
Reparsing as ES module because module syntax was detected. This incurs a performance overhead.
To eliminate this warning, add "type": "module" to \\?\M:\physix-app\package.json.
(Use `node --trace-warnings ...` to show where the warning was created)
✔ real calendar dates, not weekday labels, are required (4.0969ms)
✔ week starts remain distinct across weeks and year boundaries (0.3658ms)
✔ timer is derived from acknowledged timestamps rather than counted interval callbacks (0.2643ms)
✔ valid program plan retains nullable targets (2.0456ms)
✔ plan rejects malformed nested state instead of calling map on null (0.3086ms)
✔ plan IDs are unique and target numbers are finite (0.276ms)
✔ a set requires a nonzero repetition, duration or distance target (0.2272ms)
✔ identifiers and extra authority fields are rejected (1.5421ms)
✔ a retry retains its command ID; a genuine new attempt has a different ID (0.5326ms)
✔ actual zero and unknown are distinct; negative and fractional repetitions fail (0.5472ms)
✔ check-in period starts on Monday and unknown commands fail closed (0.3526ms)
✔ entitlement end follows start and client cannot set an invented source (0.4709ms)
ℹ tests 125
ℹ suites 0
ℹ pass 125
ℹ fail 0
ℹ cancelled 0
ℹ skipped 0
ℹ todo 0
ℹ duration_ms 787.5784
